[     166ms] [WARNING] No available adapters. @ http://localhost:4399/blog:0
[     168ms] [ERROR] [gpu] initialization error: Error: Could not find a compatible GPU
    at Object.AD (http://localhost:4399/_astro/MercuryBackground.astro_astro_type_script_index_0_lang.DGBx6NGx.js:229:4823)
    at async Y6 (http://localhost:4399/_astro/MercuryBackground.astro_astro_type_script_index_0_lang.DGBx6NGx.js:246:682700)
    at async jK (http://localhost:4399/_astro/MercuryBackground.astro_astro_type_script_index_0_lang.DGBx6NGx.js:246:682417)
    at async Object.Zm [as initialize] (http://localhost:4399/_astro/MercuryBackground.astro_astro_type_script_index_0_lang.DGBx6NGx.js:246:723933)
    at async u (http://localhost:4399/_astro/MercuryBackground.astro_astro_type_script_index_0_lang.DGBx6NGx.js:246:735222)
    at async gZ (http://localhost:4399/_astro/MercuryBackground.astro_astro_type_script_index_0_lang.DGBx6NGx.js:246:736518)
    at async http://localhost:4399/_astro/MercuryBackground.astro_astro_type_script_index_0_lang.DGBx6NGx.js:246:739115 @ http://localhost:4399/_astro/MercuryBackground.astro_astro_type_script_index_0_lang.DGBx6NGx.js:245
[     413ms] [WARNING] No available adapters. @ http://localhost:4399/blog:0
[     415ms] [ERROR] [gpu] initialization error: Error: Could not find a compatible GPU
    at Object.AD (http://localhost:4399/_astro/MercuryBackground.astro_astro_type_script_index_0_lang.DGBx6NGx.js:229:4823)
    at async Y6 (http://localhost:4399/_astro/MercuryBackground.astro_astro_type_script_index_0_lang.DGBx6NGx.js:246:682700)
    at async jK (http://localhost:4399/_astro/MercuryBackground.astro_astro_type_script_index_0_lang.DGBx6NGx.js:246:682417)
    at async Object.Zm [as initialize] (http://localhost:4399/_astro/MercuryBackground.astro_astro_type_script_index_0_lang.DGBx6NGx.js:246:723933)
    at async u (http://localhost:4399/_astro/MercuryBackground.astro_astro_type_script_index_0_lang.DGBx6NGx.js:246:735222)
    at async gZ (http://localhost:4399/_astro/MercuryBackground.astro_astro_type_script_index_0_lang.DGBx6NGx.js:246:736518)
    at async http://localhost:4399/_astro/MercuryBackground.astro_astro_type_script_index_0_lang.DGBx6NGx.js:246:739115 @ http://localhost:4399/_astro/MercuryBackground.astro_astro_type_script_index_0_lang.DGBx6NGx.js:245
[     711ms] [WARNING] No available adapters. @ http://localhost:4399/blog/arch-in-distrobox:0
[     711ms] [ERROR] [gpu] initialization error: Error: Could not find a compatible GPU
    at Object.AD (http://localhost:4399/_astro/MercuryBackground.astro_astro_type_script_index_0_lang.DGBx6NGx.js:229:4823)
    at async Y6 (http://localhost:4399/_astro/MercuryBackground.astro_astro_type_script_index_0_lang.DGBx6NGx.js:246:682700)
    at async jK (http://localhost:4399/_astro/MercuryBackground.astro_astro_type_script_index_0_lang.DGBx6NGx.js:246:682417)
    at async Object.Zm [as initialize] (http://localhost:4399/_astro/MercuryBackground.astro_astro_type_script_index_0_lang.DGBx6NGx.js:246:723933)
    at async u (http://localhost:4399/_astro/MercuryBackground.astro_astro_type_script_index_0_lang.DGBx6NGx.js:246:735222)
    at async gZ (http://localhost:4399/_astro/MercuryBackground.astro_astro_type_script_index_0_lang.DGBx6NGx.js:246:736518)
    at async http://localhost:4399/_astro/MercuryBackground.astro_astro_type_script_index_0_lang.DGBx6NGx.js:246:739115 @ http://localhost:4399/_astro/MercuryBackground.astro_astro_type_script_index_0_lang.DGBx6NGx.js:245
[    1054ms] [WARNING] No available adapters. @ http://localhost:4399/:0
[    1054ms] [ERROR] [gpu] initialization error: Error: Could not find a compatible GPU
    at Object.AD (http://localhost:4399/_astro/MercuryBackground.astro_astro_type_script_index_0_lang.DGBx6NGx.js:229:4823)
    at async Y6 (http://localhost:4399/_astro/MercuryBackground.astro_astro_type_script_index_0_lang.DGBx6NGx.js:246:682700)
    at async jK (http://localhost:4399/_astro/MercuryBackground.astro_astro_type_script_index_0_lang.DGBx6NGx.js:246:682417)
    at async Object.Zm [as initialize] (http://localhost:4399/_astro/MercuryBackground.astro_astro_type_script_index_0_lang.DGBx6NGx.js:246:723933)
    at async u (http://localhost:4399/_astro/MercuryBackground.astro_astro_type_script_index_0_lang.DGBx6NGx.js:246:735222)
    at async gZ (http://localhost:4399/_astro/MercuryBackground.astro_astro_type_script_index_0_lang.DGBx6NGx.js:246:736518)
    at async http://localhost:4399/_astro/MercuryBackground.astro_astro_type_script_index_0_lang.DGBx6NGx.js:246:739115 @ http://localhost:4399/_astro/MercuryBackground.astro_astro_type_script_index_0_lang.DGBx6NGx.js:245
[    4092ms] [WARNING] The resource http://localhost:4399/fonts/atkinson-regular.woff was preloaded using link preload but not used within a few seconds from the window's load event. Please make sure it has an appropriate `as` value and it is preloaded intentionally. @ http://localhost:4399/:0
[    4092ms] [WARNING] The resource http://localhost:4399/fonts/atkinson-bold.woff was preloaded using link preload but not used within a few seconds from the window's load event. Please make sure it has an appropriate `as` value and it is preloaded intentionally. @ http://localhost:4399/:0
[    4092ms] [WARNING] The resource http://localhost:4399/fonts/portico-regular.woff was preloaded using link preload but not used within a few seconds from the window's load event. Please make sure it has an appropriate `as` value and it is preloaded intentionally. @ http://localhost:4399/:0
[   13951ms] [WARNING] No available adapters. @ http://localhost:4399/blog/tag/linux:0
[   13951ms] [ERROR] [gpu] initialization error: Error: Could not find a compatible GPU
    at Object.AD (http://localhost:4399/_astro/MercuryBackground.astro_astro_type_script_index_0_lang.DGBx6NGx.js:229:4823)
    at async Y6 (http://localhost:4399/_astro/MercuryBackground.astro_astro_type_script_index_0_lang.DGBx6NGx.js:246:682700)
    at async jK (http://localhost:4399/_astro/MercuryBackground.astro_astro_type_script_index_0_lang.DGBx6NGx.js:246:682417)
    at async Object.Zm [as initialize] (http://localhost:4399/_astro/MercuryBackground.astro_astro_type_script_index_0_lang.DGBx6NGx.js:246:723933)
    at async u (http://localhost:4399/_astro/MercuryBackground.astro_astro_type_script_index_0_lang.DGBx6NGx.js:246:735222)
    at async gZ (http://localhost:4399/_astro/MercuryBackground.astro_astro_type_script_index_0_lang.DGBx6NGx.js:246:736518)
    at async http://localhost:4399/_astro/MercuryBackground.astro_astro_type_script_index_0_lang.DGBx6NGx.js:246:739115 @ http://localhost:4399/_astro/MercuryBackground.astro_astro_type_script_index_0_lang.DGBx6NGx.js:245
[   16978ms] [WARNING] The resource http://localhost:4399/fonts/atkinson-regular.woff was preloaded using link preload but not used within a few seconds from the window's load event. Please make sure it has an appropriate `as` value and it is preloaded intentionally. @ http://localhost:4399/blog/tag/linux:0
[   16978ms] [WARNING] The resource http://localhost:4399/fonts/atkinson-bold.woff was preloaded using link preload but not used within a few seconds from the window's load event. Please make sure it has an appropriate `as` value and it is preloaded intentionally. @ http://localhost:4399/blog/tag/linux:0
[   16978ms] [WARNING] The resource http://localhost:4399/fonts/portico-regular.woff was preloaded using link preload but not used within a few seconds from the window's load event. Please make sure it has an appropriate `as` value and it is preloaded intentionally. @ http://localhost:4399/blog/tag/linux:0
